mvnw.cmd : Access is denied.

At line:2 char:147

+ ... 1-hotspot'; & ./mvnw.cmd -f ../tmp/cx02-evidence/cx02-runner-pom.xml  ...

+                 ~~~~~~~~~~~~~~~~~~~~~~~~~~~~~~~~~~~~~~~~~~~~~~~~~~~~~~~~~

    + CategoryInfo          : NotSpecified: (Access is denied.:String) [], RemoteException

    + FullyQualifiedErrorId : NativeCommandError



[INFO] Scanning for projects...

[INFO]

[INFO] -------------------< com.phenikaa.cse702051:medbook >-------------------

[INFO] Building  0.0.1-SNAPSHOT

[INFO]   from cx02-runner-pom.xml

[INFO] --------------------------------[ jar ]---------------------------------

[INFO]

[INFO] --- resources:3.5.0:resources (default-resources) @ medbook ---

[INFO] Copying 99 resources from ..\..\medbook-cx02\src\main\resources to ..\..\medbook-cx02\target\cx02-verification\classes

[INFO]

[INFO] --- compiler:3.15.0:compile (default-compile) @ medbook ---

[INFO] Not compiling main sources

[INFO]

[INFO] --- resources:3.5.0:testResources (default-testResources) @ medbook ---

[INFO] Copying 1 resource from ..\..\medbook-cx02\src\test\resources to ..\..\medbook-cx02\target\cx02-verification\test-classes

[INFO]

[INFO] --- compiler:3.15.0:testCompile (default-testCompile) @ medbook ---

[INFO] Recompiling the module because of changed source code.

[INFO] Compiling 241 source files with javac [forked debug parameters release 21] to ..\..\medbook-cx02\target\cx02-verification\test-classes

[ERROR] An exception has occurred in the compiler (21.0.12.1). Please file a bug against the Java compiler via the Java bug reporting page (https://bugreport.java.com) after checking the Bug Database (https://bugs.java.com) for duplicates. Include your program, the following diagnostic, and the parameters passed to the Java compiler in your report. Thank you.

java.nio.file.AccessDeniedException: C:\Users\manhn\Downloads\webadv\tmp\cx01-maven-cache\repository\tools\jackson\core\jackson-databind\3.1.5\jackson-databind-3.1.5.jar

	at java.base/sun.nio.fs.WindowsException.translateToIOException(WindowsException.java:89)

	at java.base/sun.nio.fs.WindowsException.rethrowAsIOException(WindowsException.java:96)

	at java.base/sun.nio.fs.WindowsLinkSupport.getRealPath(WindowsLinkSupport.java:288)

	at java.base/sun.nio.fs.WindowsPath.toRealPath(WindowsPath.java:947)

	at java.base/sun.nio.fs.WindowsPath.toRealPath(WindowsPath.java:42)

	at jdk.zipfs/jdk.nio.zipfs.ZipFileSystemProvider.lambda$removeFileSystem$0(ZipFileSystemProvider.java:324)

	at java.base/java.security.AccessController.doPrivileged(AccessController.java:571)

	at jdk.zipfs/jdk.nio.zipfs.ZipFileSystemProvider.removeFileSystem(ZipFileSystemProvider.java:326)

	at jdk.zipfs/jdk.nio.zipfs.ZipFileSystem.close(ZipFileSystem.java:526)

	at jdk.compiler/com.sun.tools.javac.file.JavacFileManager$ArchiveContainer.close(JavacFileManager.java:657)

	at jdk.compiler/com.sun.tools.javac.file.JavacFileManager.close(JavacFileManager.java:735)

	at jdk.compiler/com.sun.tools.javac.main.DelegatingJavaFileManager.close(DelegatingJavaFileManager.java:151)

	at jdk.compiler/com.sun.tools.javac.main.Main.compile(Main.java:182)

	at jdk.compiler/com.sun.tools.javac.Main.compile(Main.java:64)

	at jdk.compiler/com.sun.tools.javac.Main.main(Main.java:50)



[INFO]

[INFO] --- surefire:3.5.6:test (default-test) @ medbook ---

[INFO] Using auto detected provider org.apache.maven.surefire.junitplatform.JUnitPlatformProvider

[INFO]

[INFO] -------------------------------------------------------

[INFO]  T E S T S

[INFO] -------------------------------------------------------

[INFO] Running com.phenikaa.cse702051.medbook.appointment.AppointmentConcurrencyTest

21:29:31.418 [main] INFO org.springframework.test.context.support.AnnotationConfigContextLoaderUtils -- Could not detect default configuration classes for test class [com.phenikaa.cse702051.medbook.appointment.AppointmentConcurrencyTest]: AppointmentConcurrencyTest does not declare any static, non-private, non-final, nested classes annotated with @Configuration.

21:29:31.578 [main] INFO org.springframework.boot.test.context.SpringBootTestContextBootstrapper -- Found @SpringBootConfiguration com.phenikaa.cse702051.medbook.MedbookApplication for test class com.phenikaa.cse702051.medbook.appointment.AppointmentConcurrencyTest

21:29:31.685 [main] INFO org.springframework.test.context.support.AnnotationConfigContextLoaderUtils -- Could not detect default configuration classes for test class [com.phenikaa.cse702051.medbook.appointment.AppointmentConcurrencyTest]: AppointmentConcurrencyTest does not declare any static, non-private, non-final, nested classes annotated with @Configuration.

21:29:31.686 [main] INFO org.springframework.test.context.support.AnnotationConfigContextLoaderUtils -- Could not detect default configuration classes for test class [com.phenikaa.cse702051.medbook.support.AbstractApiTest]: AbstractApiTest does not declare any static, non-private, non-final, nested classes annotated with @Configuration.

21:29:31.691 [main] INFO org.springframework.boot.test.context.SpringBootTestContextBootstrapper -- Found @SpringBootConfiguration com.phenikaa.cse702051.medbook.MedbookApplication for test class com.phenikaa.cse702051.medbook.appointment.AppointmentConcurrencyTest

21:29:31.970 [main] INFO org.springframework.boot.devtools.restart.RestartApplicationListener -- Restart disabled due to context in which it is running



  .   ____          _            __ _ _

 /\\ / ___'_ __ _ _(_)_ __  __ _ \ \ \ \

( ( )\___ | '_ | '_| | '_ \/ _` | \ \ \ \

 \\/  ___)| |_)| | | | | || (_| |  ) ) ) )

  '  |____| .__|_| |_|_| |_\__, | / / / /

 =========|_|==============|___/=/_/_/_/



 :: Spring Boot ::                (v4.1.1)



2026-10-03T21:29:32.410+07:00  INFO 32044 --- [medbook] [           main] c.p.c.m.a.AppointmentConcurrencyTest     : Starting AppointmentConcurrencyTest using Java 21.0.12.1 with PID 32044 (started by manhn in C:\Users\manhn\Downloads\webadv\tmp\cx02-evidence)

2026-10-03T21:29:32.412+07:00  INFO 32044 --- [medbook] [           main] c.p.c.m.a.AppointmentConcurrencyTest     : No active profile set, falling back to 1 default profile: "default"

2026-10-03T21:29:41.727+07:00  INFO 32044 --- [medbook] [           main] .s.d.r.c.RepositoryConfigurationDelegate : Bootstrapping Spring Data JPA repositories in DEFAULT mode.

2026-10-03T21:29:41.894+07:00  INFO 32044 --- [medbook] [           main] .s.d.r.c.RepositoryConfigurationDelegate : Finished Spring Data repository scanning in 152 ms. Found 25 JPA repository interfaces.

2026-10-03T21:29:42.905+07:00  INFO 32044 --- [medbook] [           main] org.hibernate.orm.jpa                    : HHH008540: Processing PersistenceUnitInfo [name: default]

2026-10-03T21:29:43.012+07:00  INFO 32044 --- [medbook] [           main] org.hibernate.orm.core                   : HHH000001: Hibernate ORM core version 7.4.5.Final

2026-10-03T21:29:43.771+07:00  INFO 32044 --- [medbook] [           main] o.s.o.j.p.SpringPersistenceUnitInfo      : No LoadTimeWeaver setup: ignoring JPA class transformer

2026-10-03T21:29:43.820+07:00  INFO 32044 --- [medbook] [           main] com.zaxxer.hikari.HikariDataSource       : HikariPool-1 - Starting...

2026-10-03T21:29:44.053+07:00  INFO 32044 --- [medbook] [           main] com.zaxxer.hikari.pool.HikariPool        : HikariPool-1 - Added connection conn0: url=jdbc:h2:mem:medbook_test_56dae699-7155-447c-8bbe-fe59ef16cff1 user=SA

2026-10-03T21:29:44.055+07:00  INFO 32044 --- [medbook] [           main] com.zaxxer.hikari.HikariDataSource       : HikariPool-1 - Start completed.

2026-10-03T21:29:44.095+07:00  WARN 32044 --- [medbook] [           main] org.hibernate.orm.deprecation            : HHH90000025: H2Dialect does not need to be specified explicitly using 'hibernate.dialect' (remove the property setting and it will be selected by default)

2026-10-03T21:29:44.126+07:00  INFO 32044 --- [medbook] [           main] org.hibernate.orm.connections.pooling    : HHH10001005: Database info:

	Database JDBC URL [jdbc:h2:mem:medbook_test_56dae699-7155-447c-8bbe-fe59ef16cff1]

	Database driver: H2 JDBC Driver

	Database dialect: H2Dialect

	Database version: 2.4.240

	Default catalog/schema: MEDBOOK_TEST_56DAE699-7155-447C-8BBE-FE59EF16CFF1/PUBLIC

	Autocommit mode: undefined/unknown

	Isolation level: READ_COMMITTED [default READ_COMMITTED]

	JDBC fetch size: 100

	Pool: DataSourceConnectionProvider

	Minimum pool size: undefined/unknown

	Maximum pool size: undefined/unknown

2026-10-03T21:29:46.009+07:00  INFO 32044 --- [medbook] [           main] org.hibernate.orm.core                   : HHH000489: No JTA platform available (set 'hibernate.transaction.jta.platform' to enable JTA platform integration)

2026-10-03T21:29:46.404+07:00  INFO 32044 --- [medbook] [           main] j.LocalContainerEntityManagerFactoryBean : Initialized JPA EntityManagerFactory for persistence unit 'default'

2026-10-03T21:29:46.572+07:00  INFO 32044 --- [medbook] [           main] o.s.d.j.r.query.QueryEnhancerFactories   : Hibernate is in classpath; If applicable, HQL parser will be used.

2026-10-03T21:29:49.562+07:00  WARN 32044 --- [medbook] [           main] JpaBaseConfiguration$JpaWebConfiguration : spring.jpa.open-in-view is enabled by default. Therefore, database queries may be performed during view rendering. Explicitly configure spring.jpa.open-in-view to disable this warning

2026-10-03T21:29:49.721+07:00  INFO 32044 --- [medbook] [           main] r$InitializeUserDetailsManagerConfigurer : Global AuthenticationManager configured with UserDetailsService bean with name customUserDetailsService

2026-10-03T21:29:49.991+07:00  INFO 32044 --- [medbook] [           main] o.s.b.w.a.WelcomePageHandlerMapping      : Adding welcome page: class path resource [static/index.html]

2026-10-03T21:29:50.495+07:00  INFO 32044 --- [medbook] [           main] o.s.b.t.m.w.SpringBootMockServletContext : Initializing Spring TestDispatcherServlet ''

2026-10-03T21:29:50.495+07:00  INFO 32044 --- [medbook] [           main] o.s.t.web.servlet.TestDispatcherServlet  : Initializing Servlet ''

2026-10-03T21:29:50.505+07:00  INFO 32044 --- [medbook] [           main] o.s.t.web.servlet.TestDispatcherServlet  : Completed initialization in 8 ms

2026-10-03T21:29:50.609+07:00  INFO 32044 --- [medbook] [           main] c.p.c.m.a.AppointmentConcurrencyTest     : Started AppointmentConcurrencyTest in 18.652 seconds (process running for 20.375)

Mockito is currently self-attaching to enable the inline-mock-maker. This will no longer work in future releases of

the JDK. Please add Mockito as an agent to your build as described in Mockito's documentation:

https://javadoc.io/doc/org.mockito/mockito-core/latest/org.mockito/org/mockito/Mockito.html#0.3

OpenJDK 64-Bit Server VM warning: Sharing is only supported for boot loader classes because bootstrap classpath has

been appended

WARNING: A Java agent has been loaded dynamically (C:\Users\manhn\Downloads\webadv\tmp\cx01-maven-cache\repository\net\

bytebuddy\byte-buddy-agent\1.18.11\byte-buddy-agent-1.18.11.jar)

WARNING: If a serviceability tool is in use, please run with -XX:+EnableDynamicAgentLoading to hide this warning

WARNING: If a serviceability tool is not in use, please run with -Djdk.instrument.traceUsage for more information

WARNING: Dynamic loading of agents will be disallowed by default in a future release

2026-10-03T21:29:52.524+07:00  INFO 32044 --- [medbook] [           main] c.p.c.m.a.AppointmentConcurrencyTest     : V4_REQUEST request=1 slot=1039 status=409

2026-10-03T21:29:52.525+07:00  INFO 32044 --- [medbook] [           main] c.p.c.m.a.AppointmentConcurrencyTest     : V4_REQUEST request=2 slot=1039 status=409

2026-10-03T21:29:52.525+07:00  INFO 32044 --- [medbook] [           main] c.p.c.m.a.AppointmentConcurrencyTest     : V4_REQUEST request=3 slot=1039 status=409

2026-10-03T21:29:52.525+07:00  INFO 32044 --- [medbook] [           main] c.p.c.m.a.AppointmentConcurrencyTest     : V4_REQUEST request=4 slot=1039 status=409

2026-10-03T21:29:52.525+07:00  INFO 32044 --- [medbook] [           main] c.p.c.m.a.AppointmentConcurrencyTest     : V4_REQUEST request=5 slot=1039 status=201

2026-10-03T21:29:52.525+07:00  INFO 32044 --- [medbook] [           main] c.p.c.m.a.AppointmentConcurrencyTest     : V4_REQUEST request=6 slot=1039 status=409

2026-10-03T21:29:52.526+07:00  INFO 32044 --- [medbook] [           main] c.p.c.m.a.AppointmentConcurrencyTest     : V4_REQUEST request=7 slot=1039 status=409

2026-10-03T21:29:52.526+07:00  INFO 32044 --- [medbook] [           main] c.p.c.m.a.AppointmentConcurrencyTest     : V4_REQUEST request=8 slot=1039 status=409

2026-10-03T21:29:52.526+07:00  INFO 32044 --- [medbook] [           main] c.p.c.m.a.AppointmentConcurrencyTest     : V4_REQUEST request=9 slot=1039 status=409

2026-10-03T21:29:52.526+07:00  INFO 32044 --- [medbook] [           main] c.p.c.m.a.AppointmentConcurrencyTest     : V4_REQUEST request=10 slot=1039 status=409

2026-10-03T21:29:52.527+07:00  INFO 32044 --- [medbook] [           main] c.p.c.m.a.AppointmentConcurrencyTest     : V4_REQUEST request=11 slot=1039 status=409

2026-10-03T21:29:52.527+07:00  INFO 32044 --- [medbook] [           main] c.p.c.m.a.AppointmentConcurrencyTest     : V4_REQUEST request=12 slot=1039 status=409

2026-10-03T21:29:52.527+07:00  INFO 32044 --- [medbook] [           main] c.p.c.m.a.AppointmentConcurrencyTest     : V4_REQUEST request=13 slot=1039 status=409

2026-10-03T21:29:52.527+07:00  INFO 32044 --- [medbook] [           main] c.p.c.m.a.AppointmentConcurrencyTest     : V4_REQUEST request=14 slot=1039 status=409

2026-10-03T21:29:52.527+07:00  INFO 32044 --- [medbook] [           main] c.p.c.m.a.AppointmentConcurrencyTest     : V4_REQUEST request=15 slot=1039 status=409

2026-10-03T21:29:52.527+07:00  INFO 32044 --- [medbook] [           main] c.p.c.m.a.AppointmentConcurrencyTest     : V4_REQUEST request=16 slot=1039 status=409

2026-10-03T21:29:52.527+07:00  INFO 32044 --- [medbook] [           main] c.p.c.m.a.AppointmentConcurrencyTest     : V4_REQUEST request=17 slot=1039 status=409

2026-10-03T21:29:52.527+07:00  INFO 32044 --- [medbook] [           main] c.p.c.m.a.AppointmentConcurrencyTest     : V4_REQUEST request=18 slot=1039 status=409

2026-10-03T21:29:52.527+07:00  INFO 32044 --- [medbook] [           main] c.p.c.m.a.AppointmentConcurrencyTest     : V4_REQUEST request=19 slot=1039 status=409

2026-10-03T21:29:52.527+07:00  INFO 32044 --- [medbook] [           main] c.p.c.m.a.AppointmentConcurrencyTest     : V4_REQUEST request=20 slot=1039 status=409

2026-10-03T21:29:52.527+07:00  INFO 32044 --- [medbook] [           main] c.p.c.m.a.AppointmentConcurrencyTest     : V4_REQUEST request=21 slot=1039 status=409

2026-10-03T21:29:52.528+07:00  INFO 32044 --- [medbook] [           main] c.p.c.m.a.AppointmentConcurrencyTest     : V4_REQUEST request=22 slot=1039 status=409

2026-10-03T21:29:52.528+07:00  INFO 32044 --- [medbook] [           main] c.p.c.m.a.AppointmentConcurrencyTest     : V4_REQUEST request=23 slot=1039 status=409

2026-10-03T21:29:52.528+07:00  INFO 32044 --- [medbook] [           main] c.p.c.m.a.AppointmentConcurrencyTest     : V4_REQUEST request=24 slot=1039 status=409

2026-10-03T21:29:52.528+07:00  INFO 32044 --- [medbook] [           main] c.p.c.m.a.AppointmentConcurrencyTest     : V4_REQUEST request=25 slot=1039 status=409

2026-10-03T21:29:52.528+07:00  INFO 32044 --- [medbook] [           main] c.p.c.m.a.AppointmentConcurrencyTest     : V4_REQUEST request=26 slot=1039 status=409

2026-10-03T21:29:52.528+07:00  INFO 32044 --- [medbook] [           main] c.p.c.m.a.AppointmentConcurrencyTest     : V4_REQUEST request=27 slot=1039 status=409

2026-10-03T21:29:52.528+07:00  INFO 32044 --- [medbook] [           main] c.p.c.m.a.AppointmentConcurrencyTest     : V4_REQUEST request=28 slot=1039 status=409

2026-10-03T21:29:52.528+07:00  INFO 32044 --- [medbook] [           main] c.p.c.m.a.AppointmentConcurrencyTest     : V4_REQUEST request=29 slot=1039 status=409

2026-10-03T21:29:52.528+07:00  INFO 32044 --- [medbook] [           main] c.p.c.m.a.AppointmentConcurrencyTest     : V4_REQUEST request=30 slot=1039 status=409

2026-10-03T21:29:52.528+07:00  INFO 32044 --- [medbook] [           main] c.p.c.m.a.AppointmentConcurrencyTest     : V4_REQUEST request=31 slot=1039 status=409

2026-10-03T21:29:52.528+07:00  INFO 32044 --- [medbook] [           main] c.p.c.m.a.AppointmentConcurrencyTest     : V4_REQUEST request=32 slot=1039 status=409

2026-10-03T21:29:52.529+07:00  INFO 32044 --- [medbook] [           main] c.p.c.m.a.AppointmentConcurrencyTest     : V4_REQUEST request=33 slot=1039 status=409

2026-10-03T21:29:52.529+07:00  INFO 32044 --- [medbook] [           main] c.p.c.m.a.AppointmentConcurrencyTest     : V4_REQUEST request=34 slot=1039 status=409

2026-10-03T21:29:52.529+07:00  INFO 32044 --- [medbook] [           main] c.p.c.m.a.AppointmentConcurrencyTest     : V4_REQUEST request=35 slot=1039 status=409

2026-10-03T21:29:52.529+07:00  INFO 32044 --- [medbook] [           main] c.p.c.m.a.AppointmentConcurrencyTest     : V4_REQUEST request=36 slot=1039 status=409

2026-10-03T21:29:52.529+07:00  INFO 32044 --- [medbook] [           main] c.p.c.m.a.AppointmentConcurrencyTest     : V4_REQUEST request=37 slot=1039 status=409

2026-10-03T21:29:52.529+07:00  INFO 32044 --- [medbook] [           main] c.p.c.m.a.AppointmentConcurrencyTest     : V4_REQUEST request=38 slot=1039 status=409

2026-10-03T21:29:52.529+07:00  INFO 32044 --- [medbook] [           main] c.p.c.m.a.AppointmentConcurrencyTest     : V4_REQUEST request=39 slot=1039 status=409

2026-10-03T21:29:52.529+07:00  INFO 32044 --- [medbook] [           main] c.p.c.m.a.AppointmentConcurrencyTest     : V4_REQUEST request=40 slot=1039 status=409

2026-10-03T21:29:52.529+07:00  INFO 32044 --- [medbook] [           main] c.p.c.m.a.AppointmentConcurrencyTest     : V4_REQUEST request=41 slot=1039 status=409

2026-10-03T21:29:52.529+07:00  INFO 32044 --- [medbook] [           main] c.p.c.m.a.AppointmentConcurrencyTest     : V4_REQUEST request=42 slot=1039 status=409

2026-10-03T21:29:52.529+07:00  INFO 32044 --- [medbook] [           main] c.p.c.m.a.AppointmentConcurrencyTest     : V4_REQUEST request=43 slot=1039 status=409

2026-10-03T21:29:52.529+07:00  INFO 32044 --- [medbook] [           main] c.p.c.m.a.AppointmentConcurrencyTest     : V4_REQUEST request=44 slot=1039 status=409

2026-10-03T21:29:52.530+07:00  INFO 32044 --- [medbook] [           main] c.p.c.m.a.AppointmentConcurrencyTest     : V4_REQUEST request=45 slot=1039 status=409

2026-10-03T21:29:52.530+07:00  INFO 32044 --- [medbook] [           main] c.p.c.m.a.AppointmentConcurrencyTest     : V4_REQUEST request=46 slot=1039 status=409

2026-10-03T21:29:52.530+07:00  INFO 32044 --- [medbook] [           main] c.p.c.m.a.AppointmentConcurrencyTest     : V4_REQUEST request=47 slot=1039 status=409

2026-10-03T21:29:52.530+07:00  INFO 32044 --- [medbook] [           main] c.p.c.m.a.AppointmentConcurrencyTest     : V4_REQUEST request=48 slot=1039 status=409

2026-10-03T21:29:52.530+07:00  INFO 32044 --- [medbook] [           main] c.p.c.m.a.AppointmentConcurrencyTest     : V4_REQUEST request=49 slot=1039 status=409

2026-10-03T21:29:52.530+07:00  INFO 32044 --- [medbook] [           main] c.p.c.m.a.AppointmentConcurrencyTest     : V4_REQUEST request=50 slot=1039 status=409

2026-10-03T21:29:52.532+07:00  INFO 32044 --- [medbook] [           main] c.p.c.m.a.AppointmentConcurrencyTest     : V4_RESULT requests=50 created=1 conflict=49 serverErrors=0 activeAppointments=1 slotStatus=BOOKED

[INFO] Tests run: 1, Failures: 0, Errors: 0, Skipped: 0, Time elapsed: 21.46 s -- in com.phenikaa.cse702051.medbook.appointment.AppointmentConcurrencyTest

[INFO]

[INFO] Results:

[INFO]

[INFO] Tests run: 1, Failures: 0, Errors: 0, Skipped: 0

[INFO]

[INFO] ------------------------------------------------------------------------

[INFO] BUILD SUCCESS

[INFO] ------------------------------------------------------------------------

[INFO] Total time:  46.489 s

[INFO] Finished at: 2026-10-03T21:29:52+07:00

[INFO] ------------------------------------------------------------------------
